frq-18 ok 646424
sg-18 missing 
stats-18 ok 67860
dist-18 missing 
absub-18 missing 
cr-18 missing 
crabbc-18 missing 
samples-18-q1 missing 
samples-18-q2 missing 
samples-18-q3 missing 
samples-18-q4 missing 
samples-18-q5 missing 
samples-18-q6 missing 
frq-19 ok 713476
sg-19 ok 282534
stats-19 ok 76369
dist-19 ok 77978
absub-19 missing 
cr-19 missing 
crabbc-19 missing 
samples-19-q1 ok 1429793
samples-19-q2 ok 1708198
samples-19-q3 ok 1514020
samples-19-q4 ok 1573105
samples-19-q5 ok 1367284
samples-19-q6 ok 1574322
frq-21 ok 1825064
sg-21 ok 1355250
stats-21 ok 94693
dist-21 ok 96729
absub-21 ok 98098
cr-21 missing 
crabbc-21 missing 
samples-21-q1 ok 1053958
samples-21-q2 ok 1083335
samples-21-q3 ok 1014942
samples-21-q4 ok 1163663
samples-21-q5 ok 943004
samples-21-q6 ok 1026400
frq-22 ok 328994
sg-22 ok 561525
stats-22 ok 81939
dist-22 ok 92467
absub-22 ok 85983
cr-22 ok 633664
crabbc-22 missing 
samples-22-q1 ok 1086583
samples-22-q2 ok 1219612
samples-22-q3 ok 1478357
samples-22-q4 ok 1274445
samples-22-q5 ok 1110856
samples-22-q6 ok 1178314
frq-12 missing 
sg-12 missing 
samples-12-q1 missing 
samples-12-q2 missing 
samples-12-q3 missing 
samples-12-q4 missing 
samples-12-q5 missing 
samples-12-q6 ok 1028847
frq-13 missing 
sg-13 missing 
samples-13-q1 ok 3196107
samples-13-q2 ok 2678954
samples-13-q3 ok 2958298
samples-13-q4 ok 3126508
samples-13-q5 ok 2632266
samples-13-q6 ok 2416877
frq-14 missing 
sg-14 missing 
samples-14-q1 ok 998473
samples-14-q2 ok 997580
samples-14-q3 ok 1005461
samples-14-q4 ok 1114154
samples-14-q5 ok 982227
samples-14-q6 ok 940766
frq-15 missing 
sg-15 missing 
samples-15-q1 ok 3761502
samples-15-q2 ok 1447166
samples-15-q3 ok 1778501
samples-15-q4 ok 1595687
samples-15-q5 ok 1687190
samples-15-q6 ok 3047070
frq-16 missing 
sg-16 missing 
samples-16-q1 missing 
samples-16-q2 missing 
samples-16-q3 missing 
samples-16-q4 missing 
samples-16-q5 missing 
samples-16-q6 missing 
frq-17 missing 
sg-17 missing 
samples-17-q1 missing 
samples-17-q2 missing 
samples-17-q3 missing 
samples-17-q4 missing 
samples-17-q5 missing 
samples-17-q6 missing 
