1 10 lines
2 13 lines
3 3 lines
4 99 lines
5 48 lines
6 39 lines
7 45 lines
8 42 lines
9 43 lines
10 42 lines
11 12 lines
12 1 lines
13 4 lines
14 159 lines
15 117 lines
16 158 lines
17 39 lines
18 1 lines
19 4 lines
20 64 lines
21 20 lines
22 20 lines
23 14 lines
24 20 lines
25 31 lines
26 44 lines
27 23 lines
28 21 lines
29 26 lines
30 18 lines
31 36 lines
32 16 lines
33 25 lines
34 26 lines
35 34 lines
36 18 lines
37 14 lines
38 22 lines
39 18 lines
40 36 lines
41 28 lines
42 30 lines
43 24 lines
44 37 lines
45 32 lines
46 28 lines
47 59 lines
48 21 lines
49 20 lines
50 45 lines
51 20 lines
52 35 lines
53 4 lines
54 97 lines
55 9 lines
56 40 lines
57 28 lines
58 29 lines
59 18 lines
60 8 lines
61 26 lines
62 22 lines
63 30 lines
64 11 lines
65 36 lines
66 19 lines
67 16 lines
68 19 lines
69 13 lines
70 1 lines
71 3 lines
72 95 lines
73 3 lines
74 78 lines
75 50 lines
76 51 lines
77 55 lines
78 86 lines
79 71 lines
80 1 lines
81 3 lines
82 60 lines
83 56 lines
84 0 lines
85 11 lines
