1 8 lines
2 24 lines
3 27 lines
4 29 lines
5 43 lines
6 32 lines
7 36 lines
8 37 lines
9 36 lines
10 54 lines
11 38 lines
12 46 lines
13 46 lines
14 43 lines
15 25 lines
16 24 lines
17 29 lines
18 36 lines
19 32 lines
20 35 lines
21 37 lines
22 54 lines
23 46 lines
24 67 lines
25 51 lines
26 40 lines
27 56 lines
28 50 lines
29 43 lines
30 30 lines
31 34 lines
32 46 lines
33 49 lines
34 28 lines
35 32 lines
36 48 lines
37 76 lines
38 26 lines
39 19 lines
40 75 lines
41 9 lines
42 24 lines
43 47 lines
44 83 lines
45 21 lines
